cargo :    Compiling fonds-pod v0.1.0 (C:\__usr__\GA02\GA02-2025-FP-01\fonds_pod)
At line:1 char:1
+ cargo build > build_output.txt 2>&1
+ ~~~~~~~~~~~~~~~~~~~~~~~~~~~~~~~~~~~
    + CategoryInfo          : NotSpecified: (   Compiling fo...P-01\fonds_pod):String) [], RemoteEx 
   ception
    + FullyQualifiedErrorId : NativeCommandError
 
error: failed to run custom build command for `fonds-pod v0.1.0 
(C:\__usr__\GA02\GA02-2025-FP-01\fonds_pod)`

Caused by:
  process didn't exit successfully: `C:\__usr__\GA02\GA02-2025-FP-01\fonds_pod\target\debug\build\fo
nds-pod-ba3a857e79e387ce\build-script-build` (exit code: 101)
  --- stdout
  cargo:rustc-env=APP_VERSION=dev
  Compiling Slint with translations...

  --- stderr
  error: The property 'x' cannot be set for elements placed in this layout, because the layout is 
already setting it
     --> C:\__usr__\GA02\GA02-2025-FP-01\fonds_pod\ui\pages\fond-classification-page.slint:152:12
      |
  152 |         x: 0;
      |            ^


  thread 'main' (24672) panicked at build.rs:13:7:
  Slint build failed: CompileError(["C:\\__usr__\\GA02\\GA02-2025-FP-01\\fonds_pod\\ui\\pages\\fond-
classification-page.slint:152: The property 'x' cannot be set for elements placed in this layout, 
because the layout is already setting it"])
  note: run with `RUST_BACKTRACE=1` environment variable to display a backtrace
