cargo :    Compiling fonds-pod v0.1.0 (C:\__usr__\GA02\GA02-2025-FP-01\fonds_pod)
At line:1 char:1
+ cargo test fond_vm -- --nocapture > test_output.txt 2>&1
+ ~~~~~~~~~~~~~~~~~~~~~~~~~~~~~~~~~~~~~~~~~~~~~~~~~~~~~~~~
    + CategoryInfo          : NotSpecified: (   Compiling fo...P-01\fonds_pod):String) [], Remo 
   teException
    + FullyQualifiedErrorId : NativeCommandError
 
    Finished `test` profile [unoptimized + debuginfo] target(s) in 4.23s
     Running unittests src\lib.rs (target\debug\deps\fonds_pod_lib-64ab85a8af604795.exe)

running 0 tests

test result: ok. 0 passed; 0 failed; 0 ignored; 0 measured; 4 filtered out; finished in 0.00s

     Running unittests src\main.rs (target\debug\deps\fonds_pod-7102a0ba5435f25a.exe)

running 0 tests

test result: ok. 0 passed; 0 failed; 0 ignored; 0 measured; 0 filtered out; finished in 0.00s

     Running tests\fond_classification_repository_test.rs 
(target\debug\deps\fond_classification_repository_test-37f8e5fcde3e402b.exe)

running 0 tests

test result: ok. 0 passed; 0 failed; 0 ignored; 0 measured; 1 filtered out; finished in 0.00s

     Running tests\fond_vm_test.rs (target\debug\deps\fond_vm_test-1b43585dc519109e.exe)

running 1 test
Initial count: 0
Count after first add: 1
Count after second add: 1

thread 'test_fond_vm_add' (20720) panicked at tests\fond_vm_test.rs:47:5:
assertion `left == right` failed
  left: 1
 right: 2
note: run with `RUST_BACKTRACE=1` environment variable to display a backtrace
test test_fond_vm_add ... FAILED

failures:

failures:
    test_fond_vm_add

test result: FAILED. 0 passed; 1 failed; 0 ignored; 0 measured; 0 filtered out; finished in 0.10s

error: test failed, to rerun pass `--test fond_vm_test`
